// Jest Snapshot v1, https://goo.gl/fbAQLP

exports[`Test component is rendering Should check app snapshot 1`] = `ShallowWrapper {}`;
