// Jest Snapshot v1, https://goo.gl/fbAQLP

exports[`Button component is rendering properly Button snapshot test 1`] = `ShallowWrapper {}`;
