// Jest Snapshot v1, https://goo.gl/fbAQLP

exports[`CrossButton is ok Rendering correctly 1`] = `ShallowWrapper {}`;
