// Jest Snapshot v1, https://goo.gl/fbAQLP

exports[`Testing Info Control Snapshot test 1`] = `ShallowWrapper {}`;
