// Jest Snapshot v1, https://goo.gl/fbAQLP

exports[`Loader snapshot doesnot render 1`] = `null`;

exports[`Loader snapshot renders correctly 1`] = `
<div
  className="loader-box"
>
  <div
    className="loader"
  />
</div>
`;
